blake2s circuit
--
Number of gates: 2937
Number of evaluation instructions: 3068
Number of AND constraints: 2977
Number of MUL constraints: 0
Number of ZERO constraints: 0
Length of value vec: 4096
  Constants: 140
  Inout: 0
  Witness: 137
  Internal: 2841
