ethsign circuit
--
Number of gates: 264472
Number of evaluation instructions: 310572
Number of AND constraints: 242063
Number of MUL constraints: 25458
Number of ZERO constraints: 10919
Length of value vec: 524288
  Constants: 82
  Inout: 29
  Witness: 42
  Internal: 263021
