hash_based_sig circuit
--
Number of gates: 3986883
Number of evaluation instructions: 4076982
Number of AND constraints: 1874328
Number of MUL constraints: 0
Length of value vec: 4194304
  Constants: 376
  Inout: 20
  Witness: 29886
  Internal: 3978540
