sha256 circuit
--
Number of gates: 74954
Number of evaluation instructions: 76589
Number of AND constraints: 94755
Number of MUL constraints: 0
Length of value vec: 131072
  Constants: 353
  Inout: 260
  Witness: 529
  Internal: 93741
